// Jest Snapshot v1, https://goo.gl/fbAQLP

exports[`renders correctly 1`] = `
<div
  style={
    Object {
      "bottom": 70,
      "left": "auto",
      "margin": 0,
      "position": "fixed",
      "right": 40,
      "top": "auto",
    }
  }
>
  <h3>
    Joseph
  </h3>
  <div
    className="chatbox"
  >
    <div
      className="chatboxheading"
    >
      <h1
        className="chatboxtextheading"
      >
        Chat Support
      </h1>
    </div>
    <div
      className="chatboxbody internal-scrolling-chat"
    >
      <div
        className="clearchat"
      />
    </div>
    <form
      onSubmit={[Function]}
    >
      <div
        className="reply-box"
      >
        <button
          className="sendbutton"
          type="submit"
        >
          Send
        </button>
        <div
          className="typemessageherebox"
        >
          <textarea
            className="textarea"
            cols="35"
            onChange={[Function]}
            placeholder="Type your message here..."
            rows="5"
            value=""
          />
        </div>
      </div>
    </form>
  </div>
</div>
`;
